This is pdfTeX, Version 3.141592653-2.6-1.40.24 (TeX Live 2022) (preloaded format=pdflatex 2022.10.26)  8 JAN 2026 15:12
entering extended mode
 restricted \write18 enabled.
 file:line:error style messages enabled.
 %&-line parsing enabled.
**/Users/ege/Projects/SDN/SDN-EGE/docs/SDN___Notes/SDN__J/main.tex
(/Users/ege/Projects/SDN/SDN-EGE/docs/SDN___Notes/SDN__J/main.tex
LaTeX2e <2021-11-15> patch level 1
L3 programming layer <2022-02-24> (/usr/local/texlive/2022/texmf-dist/tex/latex/ieeetran/IEEEtran.cls
Document Class: IEEEtran 2015/08/26 V1.8b by Michael Shell
-- See the "IEEEtran_HOWTO" manual for usage information.
-- http://www.michaelshell.org/tex/ieeetran/
\@IEEEtrantmpdimenA=\dimen138
\@IEEEtrantmpdimenB=\dimen139
\@IEEEtrantmpdimenC=\dimen140
\@IEEEtrantmpcountA=\count185
\@IEEEtrantmpcountB=\count186
\@IEEEtrantmpcountC=\count187
\@IEEEtrantmptoksA=\toks16
LaTeX Font Info:    Trying to load font information for OT1+ptm on input line 503.
(/usr/local/texlive/2022/texmf-dist/tex/latex/psnfss/ot1ptm.fd
File: ot1ptm.fd 2001/06/04 font definitions for OT1/ptm.
)
-- Using 8.5in x 11in (letter) paper.
-- Using PDF output.
\@IEEEnormalsizeunitybaselineskip=\dimen141
-- This is a 10 point document.
\CLASSINFOnormalsizebaselineskip=\dimen142
\CLASSINFOnormalsizeunitybaselineskip=\dimen143
\IEEEnormaljot=\dimen144
LaTeX Font Info:    Font shape `OT1/ptm/bx/n' in size <5> not available
(Font)              Font shape `OT1/ptm/b/n' tried instead on input line 1090.
LaTeX Font Info:    Font shape `OT1/ptm/bx/it' in size <5> not available
(Font)              Font shape `OT1/ptm/b/it' tried instead on input line 1090.
LaTeX Font Info:    Font shape `OT1/ptm/bx/n' in size <7> not available
(Font)              Font shape `OT1/ptm/b/n' tried instead on input line 1090.
LaTeX Font Info:    Font shape `OT1/ptm/bx/it' in size <7> not available
(Font)              Font shape `OT1/ptm/b/it' tried instead on input line 1090.
LaTeX Font Info:    Font shape `OT1/ptm/bx/n' in size <8> not available
(Font)              Font shape `OT1/ptm/b/n' tried instead on input line 1090.
LaTeX Font Info:    Font shape `OT1/ptm/bx/it' in size <8> not available
(Font)              Font shape `OT1/ptm/b/it' tried instead on input line 1090.
LaTeX Font Info:    Font shape `OT1/ptm/bx/n' in size <9> not available
(Font)              Font shape `OT1/ptm/b/n' tried instead on input line 1090.
LaTeX Font Info:    Font shape `OT1/ptm/bx/it' in size <9> not available
(Font)              Font shape `OT1/ptm/b/it' tried instead on input line 1090.
LaTeX Font Info:    Font shape `OT1/ptm/bx/n' in size <10> not available
(Font)              Font shape `OT1/ptm/b/n' tried instead on input line 1090.
LaTeX Font Info:    Font shape `OT1/ptm/bx/it' in size <10> not available
(Font)              Font shape `OT1/ptm/b/it' tried instead on input line 1090.
LaTeX Font Info:    Font shape `OT1/ptm/bx/n' in size <11> not available
(Font)              Font shape `OT1/ptm/b/n' tried instead on input line 1090.
LaTeX Font Info:    Font shape `OT1/ptm/bx/it' in size <11> not available
(Font)              Font shape `OT1/ptm/b/it' tried instead on input line 1090.
LaTeX Font Info:    Font shape `OT1/ptm/bx/n' in size <12> not available
(Font)              Font shape `OT1/ptm/b/n' tried instead on input line 1090.
LaTeX Font Info:    Font shape `OT1/ptm/bx/it' in size <12> not available
(Font)              Font shape `OT1/ptm/b/it' tried instead on input line 1090.
LaTeX Font Info:    Font shape `OT1/ptm/bx/n' in size <17> not available
(Font)              Font shape `OT1/ptm/b/n' tried instead on input line 1090.
LaTeX Font Info:    Font shape `OT1/ptm/bx/it' in size <17> not available
(Font)              Font shape `OT1/ptm/b/it' tried instead on input line 1090.
LaTeX Font Info:    Font shape `OT1/ptm/bx/n' in size <20> not available
(Font)              Font shape `OT1/ptm/b/n' tried instead on input line 1090.
LaTeX Font Info:    Font shape `OT1/ptm/bx/it' in size <20> not available
(Font)              Font shape `OT1/ptm/b/it' tried instead on input line 1090.
LaTeX Font Info:    Font shape `OT1/ptm/bx/n' in size <24> not available
(Font)              Font shape `OT1/ptm/b/n' tried instead on input line 1090.
LaTeX Font Info:    Font shape `OT1/ptm/bx/it' in size <24> not available
(Font)              Font shape `OT1/ptm/b/it' tried instead on input line 1090.
\IEEEquantizedlength=\dimen145
\IEEEquantizedlengthdiff=\dimen146
\IEEEquantizedtextheightdiff=\dimen147
\IEEEilabelindentA=\dimen148
\IEEEilabelindentB=\dimen149
\IEEEilabelindent=\dimen150
\IEEEelabelindent=\dimen151
\IEEEdlabelindent=\dimen152
\IEEElabelindent=\dimen153
\IEEEiednormlabelsep=\dimen154
\IEEEiedmathlabelsep=\dimen155
\IEEEiedtopsep=\skip47
\c@section=\count188
\c@subsection=\count189
\c@subsubsection=\count190
\c@paragraph=\count191
\c@IEEEsubequation=\count192
\abovecaptionskip=\skip48
\belowcaptionskip=\skip49
\c@figure=\count193
\c@table=\count194
\@IEEEeqnnumcols=\count195
\@IEEEeqncolcnt=\count196
\@IEEEsubeqnnumrollback=\count197
\@IEEEquantizeheightA=\dimen156
\@IEEEquantizeheightB=\dimen157
\@IEEEquantizeheightC=\dimen158
\@IEEEquantizeprevdepth=\dimen159
\@IEEEquantizemultiple=\count198
\@IEEEquantizeboxA=\box50
\@IEEEtmpitemindent=\dimen160
\IEEEPARstartletwidth=\dimen161
\c@IEEEbiography=\count199
\@IEEEtranrubishbin=\box51
) (/usr/local/texlive/2022/texmf-dist/tex/latex/amsmath/amsmath.sty
Package: amsmath 2021/10/15 v2.17l AMS math features
\@mathmargin=\skip50

For additional information on amsmath, use the `?' option.
(/usr/local/texlive/2022/texmf-dist/tex/latex/amsmath/amstext.sty
Package: amstext 2021/08/26 v2.01 AMS text
 (/usr/local/texlive/2022/texmf-dist/tex/latex/amsmath/amsgen.sty
File: amsgen.sty 1999/11/30 v2.0 generic functions
\@emptytoks=\toks17
\ex@=\dimen162
)) (/usr/local/texlive/2022/texmf-dist/tex/latex/amsmath/amsbsy.sty
Package: amsbsy 1999/11/29 v1.2d Bold Symbols
\pmbraise@=\dimen163
) (/usr/local/texlive/2022/texmf-dist/tex/latex/amsmath/amsopn.sty
Package: amsopn 2021/08/26 v2.02 operator names
)
\inf@bad=\count266
LaTeX Info: Redefining \frac on input line 234.
\uproot@=\count267
\leftroot@=\count268
LaTeX Info: Redefining \overline on input line 399.
\classnum@=\count269
\DOTSCASE@=\count270
LaTeX Info: Redefining \ldots on input line 496.
LaTeX Info: Redefining \dots on input line 499.
LaTeX Info: Redefining \cdots on input line 620.
\Mathstrutbox@=\box52
\strutbox@=\box53
\big@size=\dimen164
LaTeX Font Info:    Redeclaring font encoding OML on input line 743.
LaTeX Font Info:    Redeclaring font encoding OMS on input line 744.
\macc@depth=\count271
\c@MaxMatrixCols=\count272
\dotsspace@=\muskip16
\c@parentequation=\count273
\dspbrk@lvl=\count274
\tag@help=\toks18
\row@=\count275
\column@=\count276
\maxfields@=\count277
\andhelp@=\toks19
\eqnshift@=\dimen165
\alignsep@=\dimen166
\tagshift@=\dimen167
\tagwidth@=\dimen168
\totwidth@=\dimen169
\lineht@=\dimen170
\@envbody=\toks20
\multlinegap=\skip51
\multlinetaggap=\skip52
\mathdisplay@stack=\toks21
LaTeX Info: Redefining \[ on input line 2938.
LaTeX Info: Redefining \] on input line 2939.
) (/usr/local/texlive/2022/texmf-dist/tex/latex/amsfonts/amssymb.sty
Package: amssymb 2013/01/14 v3.01 AMS font symbols
 (/usr/local/texlive/2022/texmf-dist/tex/latex/amsfonts/amsfonts.sty
Package: amsfonts 2013/01/14 v3.01 Basic AMSFonts support
\symAMSa=\mathgroup4
\symAMSb=\mathgroup5
LaTeX Font Info:    Redeclaring math symbol \hbar on input line 98.
LaTeX Font Info:    Overwriting math alphabet `\mathfrak' in version `bold'
(Font)                  U/euf/m/n --> U/euf/b/n on input line 106.
)) (/usr/local/texlive/2022/texmf-dist/tex/latex/graphics/graphicx.sty
Package: graphicx 2021/09/16 v1.2d Enhanced LaTeX Graphics (DPC,SPQR)
 (/usr/local/texlive/2022/texmf-dist/tex/latex/graphics/keyval.sty
Package: keyval 2014/10/28 v1.15 key=value parser (DPC)
\KV@toks@=\toks22
) (/usr/local/texlive/2022/texmf-dist/tex/latex/graphics/graphics.sty
Package: graphics 2021/03/04 v1.4d Standard LaTeX Graphics (DPC,SPQR)
 (/usr/local/texlive/2022/texmf-dist/tex/latex/graphics/trig.sty
Package: trig 2021/08/11 v1.11 sin cos tan (DPC)
) (/usr/local/texlive/2022/texmf-dist/tex/latex/graphics-cfg/graphics.cfg
File: graphics.cfg 2016/06/04 v1.11 sample graphics configuration
)
Package graphics Info: Driver file: pdftex.def on input line 107.
 (/usr/local/texlive/2022/texmf-dist/tex/latex/graphics-def/pdftex.def
File: pdftex.def 2020/10/05 v1.2a Graphics/color driver for pdftex
))
\Gin@req@height=\dimen171
\Gin@req@width=\dimen172
) (/usr/local/texlive/2022/texmf-dist/tex/latex/caption/subcaption.sty
Package: subcaption 2022/01/07 v1.5 Sub-captions (AR)
 (/usr/local/texlive/2022/texmf-dist/tex/latex/caption/caption.sty
Package: caption 2022/03/01 v3.6b Customizing captions (AR)
 (/usr/local/texlive/2022/texmf-dist/tex/latex/caption/caption3.sty
Package: caption3 2022/03/17 v2.3b caption3 kernel (AR)
\caption@tempdima=\dimen173
\captionmargin=\dimen174
\caption@leftmargin=\dimen175
\caption@rightmargin=\dimen176
\caption@width=\dimen177
\caption@indent=\dimen178
\caption@parindent=\dimen179
\caption@hangindent=\dimen180
Package caption Info: Unknown document class (or package),
(caption)             standard defaults will be used.
Package caption Info: \@makecaption = \long macro:#1#2->\ifx \@captype \@IEEEtablestring \footnotesize \bgroup \par \centering \@IEEEtabletopskipstrut {\normalfont \footnotesize #1}\\{\normalfont \footnotesize \scshape #2}\par \addvspace {0.5\baselineskip }\egroup \@IEEEtablecaptionsepspace \else \@IEEEfigurecaptionsepspace \setbox \@tempboxa \hbox {\normalfont \footnotesize {#1.}\nobreakspace \nobreakspace #2}\ifdim \wd \@tempboxa >\hsize \setbox \@tempboxa \hbox {\normalfont \footnotesize {#1.}\nobreakspace \nobreakspace }\parbox [t]{\hsize }{\normalfont \footnotesize \noindent \unhbox \@tempboxa #2}\else \ifCLASSOPTIONconference \hbox to\hsize {\normalfont \footnotesize \hfil \box \@tempboxa \hfil }\else \hbox to\hsize {\normalfont \footnotesize \box \@tempboxa \hfil }\fi \fi \fi  on input line 1176.
)

Package caption Warning: Unknown document class (or package),
(caption)                standard defaults will be used.
See the caption package documentation for explanation.

\c@caption@flags=\count278
\c@continuedfloat=\count279
)
\c@subfigure=\count280
\c@subtable=\count281
) (/usr/local/texlive/2022/texmf-dist/tex/latex/cite/cite.sty
LaTeX Info: Redefining \cite on input line 302.
LaTeX Info: Redefining \nocite on input line 332.
Package: cite 2015/02/27  v 5.5
) (/usr/local/texlive/2022/texmf-dist/tex/latex/multirow/multirow.sty
Package: multirow 2021/03/15 v2.8 Span multiple rows of a table
\multirow@colwidth=\skip53
\multirow@cntb=\count282
\multirow@dima=\skip54
\bigstrutjot=\dimen181
) (/usr/local/texlive/2022/texmf-dist/tex/latex/booktabs/booktabs.sty
Package: booktabs 2020/01/12 v1.61803398 Publication quality tables
\heavyrulewidth=\dimen182
\lightrulewidth=\dimen183
\cmidrulewidth=\dimen184
\belowrulesep=\dimen185
\belowbottomsep=\dimen186
\aboverulesep=\dimen187
\abovetopsep=\dimen188
\cmidrulesep=\dimen189
\cmidrulekern=\dimen190
\defaultaddspace=\dimen191
\@cmidla=\count283
\@cmidlb=\count284
\@aboverulesep=\dimen192
\@belowrulesep=\dimen193
\@thisruleclass=\count285
\@lastruleclass=\count286
\@thisrulewidth=\dimen194
) (/usr/local/texlive/2022/texmf-dist/tex/latex/sttools/stfloats.sty
Package: stfloats 2017/03/27 v3.3 Improve float mechanism and baselineskip settings
\@dblbotnum=\count287
\c@dblbotnumber=\count288
) (/usr/local/texlive/2022/texmf-dist/tex/latex/tools/verbatim.sty
Package: verbatim 2020-07-07 v1.5u LaTeX2e package for verbatim enhancements
\every@verbatim=\toks23
\verbatim@line=\toks24
\verbatim@in@stream=\read2
) (/usr/local/texlive/2022/texmf-dist/tex/latex/makecell/makecell.sty
Package: makecell 2009/08/03 V0.1e Managing of Tab Column Heads and Cells
 (/usr/local/texlive/2022/texmf-dist/tex/latex/tools/array.sty
Package: array 2021/10/04 v2.5f Tabular extension package (FMi)
\col@sep=\dimen195
\ar@mcellbox=\box54
\extrarowheight=\dimen196
\NC@list=\toks25
\extratabsurround=\skip55
\backup@length=\skip56
\ar@cellbox=\box55
)
\rotheadsize=\dimen197
\c@nlinenum=\count289
\TeXr@lab=\toks26
) (/usr/local/texlive/2022/texmf-dist/tex/latex/xcolor/xcolor.sty
Package: xcolor 2021/10/31 v2.13 LaTeX color extensions (UK)
 (/usr/local/texlive/2022/texmf-dist/tex/latex/graphics-cfg/color.cfg
File: color.cfg 2016/01/02 v1.6 sample color configuration
)
Package xcolor Info: Driver file: pdftex.def on input line 227.
Package xcolor Info: Model `cmy' substituted by `cmy0' on input line 1352.
Package xcolor Info: Model `hsb' substituted by `rgb' on input line 1356.
Package xcolor Info: Model `RGB' extended on input line 1368.
Package xcolor Info: Model `HTML' substituted by `rgb' on input line 1370.
Package xcolor Info: Model `Hsb' substituted by `hsb' on input line 1371.
Package xcolor Info: Model `tHsb' substituted by `hsb' on input line 1372.
Package xcolor Info: Model `HSB' substituted by `hsb' on input line 1373.
Package xcolor Info: Model `Gray' substituted by `gray' on input line 1374.
Package xcolor Info: Model `wave' substituted by `hsb' on input line 1375.
) (/usr/local/texlive/2022/texmf-dist/tex/latex/l3backend/l3backend-pdftex.def
File: l3backend-pdftex.def 2022-02-07 L3 backend support: PDF output (pdfTeX)
\l__color_backend_stack_int=\count290
\l__pdf_internal_box=\box56
) (./main.aux

LaTeX Warning: Label `fig:room_a' multiply defined.


LaTeX Warning: Label `sub@fig:room_a' multiply defined.


LaTeX Warning: Label `fig:room_w' multiply defined.


LaTeX Warning: Label `sub@fig:room_w' multiply defined.


LaTeX Warning: Label `fig:room_j' multiply defined.


LaTeX Warning: Label `sub@fig:room_j' multiply defined.

)
\openout1 = `main.aux'.

LaTeX Font Info:    Checking defaults for OML/cmm/m/it on input line 19.
LaTeX Font Info:    ... okay on input line 19.
LaTeX Font Info:    Checking defaults for OMS/cmsy/m/n on input line 19.
LaTeX Font Info:    ... okay on input line 19.
LaTeX Font Info:    Checking defaults for OT1/cmr/m/n on input line 19.
LaTeX Font Info:    ... okay on input line 19.
LaTeX Font Info:    Checking defaults for T1/cmr/m/n on input line 19.
LaTeX Font Info:    ... okay on input line 19.
LaTeX Font Info:    Checking defaults for TS1/cmr/m/n on input line 19.
LaTeX Font Info:    ... okay on input line 19.
LaTeX Font Info:    Checking defaults for OMX/cmex/m/n on input line 19.
LaTeX Font Info:    ... okay on input line 19.
LaTeX Font Info:    Checking defaults for U/cmr/m/n on input line 19.
LaTeX Font Info:    ... okay on input line 19.

-- Lines per column: 58 (exact).
(/usr/local/texlive/2022/texmf-dist/tex/context/base/mkii/supp-pdf.mkii
[Loading MPS to PDF converter (version 2006.09.02).]
\scratchcounter=\count291
\scratchdimen=\dimen198
\scratchbox=\box57
\nofMPsegments=\count292
\nofMParguments=\count293
\everyMPshowfont=\toks27
\MPscratchCnt=\count294
\MPscratchDim=\dimen199
\MPnumerator=\count295
\makeMPintoPDFobject=\count296
\everyMPtoPDFconversion=\toks28
) (/usr/local/texlive/2022/texmf-dist/tex/latex/epstopdf-pkg/epstopdf-base.sty
Package: epstopdf-base 2020-01-24 v2.11 Base part for package epstopdf
Package epstopdf-base Info: Redefining graphics rule for `.eps' on input line 485.
 (/usr/local/texlive/2022/texmf-dist/tex/latex/latexconfig/epstopdf-sys.cfg
File: epstopdf-sys.cfg 2010/07/13 v1.3 Configuration of (r)epstopdf for TeX Live
))
Package caption Info: Begin \AtBeginDocument code.
Package caption Info: End \AtBeginDocument code.
LaTeX Font Info:    Trying to load font information for U+msa on input line 25.
 (/usr/local/texlive/2022/texmf-dist/tex/latex/amsfonts/umsa.fd
File: umsa.fd 2013/01/14 v3.01 AMS symbols A
)
LaTeX Font Info:    Trying to load font information for U+msb on input line 25.
 (/usr/local/texlive/2022/texmf-dist/tex/latex/amsfonts/umsb.fd
File: umsb.fd 2013/01/14 v3.01 AMS symbols B
)
Underfull \hbox (badness 2809) in paragraph at lines 35--38
\OT1/ptm/m/n/10 and com-pu-ta-tion-ally ef-fi-cient room acous-tics is cru-cial
 []


Underfull \hbox (badness 3942) in paragraph at lines 35--38
\OT1/ptm/m/n/10 for cre-at-ing a con-vinc-ing sense of pres-ence, re-al-ism,
 []


Underfull \hbox (badness 7273) in paragraph at lines 35--38
\OT1/ptm/m/n/10 and im-mer-sion. Ar-ti-fi-cial re-ver-ber-a-tors are com-monly
 []


Underfull \hbox (badness 1867) in paragraph at lines 35--38
\OT1/ptm/m/n/10 grouped into \OT1/ptm/m/it/10 phys-i-cal mod-elling\OT1/ptm/m/n/10 , \OT1/ptm/m/it/10 convolution-based\OT1/ptm/m/n/10 , and
 []


Underfull \hbox (badness 4608) in paragraph at lines 35--38
\OT1/ptm/m/it/10 delay-network \OT1/ptm/m/n/10 classes [1]. Each ap-proach has dis-tinct
 []


Underfull \hbox (badness 10000) in paragraph at lines 35--38

 []

[1{/usr/local/texlive/2022/texmf-var/fonts/map/pdftex/updmap/pdftex.map}


]
Underfull \vbox (badness 10000) has occurred while \output is active []

 [2]
<figs/sdn_2d.png, id=17, 717.68124pt x 867.24pt>
File: figs/sdn_2d.png Graphic file (type png)
<use figs/sdn_2d.png>
Package pdftex.def Info: figs/sdn_2d.png  used on input line 99.
(pdftex.def)             Requested size: 176.39923pt x 213.15717pt.
 [3 <./figs/sdn_2d.png>]
<figs/rir_noabs.png, id=31, 914.41624pt x 520.94624pt>
File: figs/rir_noabs.png Graphic file (type png)
<use figs/rir_noabs.png>
Package pdftex.def Info: figs/rir_noabs.png  used on input line 364.
(pdftex.def)             Requested size: 252.0pt x 143.55875pt.
 [4]

LaTeX Warning: Reference `eq:second_order_pressure' on page 5 undefined on input line 383.

<figs/fig_spatial_edc_err_aes_FULLGRID_center_source_ref_RIMPY-neg10.png, id=37, 496.254pt x 436.7517pt>
File: figs/fig_spatial_edc_err_aes_FULLGRID_center_source_ref_RIMPY-neg10.png Graphic file (type png)
<use figs/fig_spatial_edc_err_aes_FULLGRID_center_source_ref_RIMPY-neg10.png>
Package pdftex.def Info: figs/fig_spatial_edc_err_aes_FULLGRID_center_source_ref_RIMPY-neg10.png  used on input line 393.
(pdftex.def)             Requested size: 129.0pt x 113.53276pt.
<figs/fig_spatial_edc_err_aes_FULLGRID_top_middle_source_ref_RIMPY-neg10.png, id=38, 506.6127pt x 438.6789pt>
File: figs/fig_spatial_edc_err_aes_FULLGRID_top_middle_source_ref_RIMPY-neg10.png Graphic file (type png)
<use figs/fig_spatial_edc_err_aes_FULLGRID_top_middle_source_ref_RIMPY-neg10.png>
Package pdftex.def Info: figs/fig_spatial_edc_err_aes_FULLGRID_top_middle_source_ref_RIMPY-neg10.png  used on input line 398.
(pdftex.def)             Requested size: 129.0pt x 111.69763pt.
<figs/fig_spatial_edc_err_aes_FULLGRID_upper_right_source_ref_RIMPY-neg10.png, id=39, 502.2765pt x 435.3063pt>
File: figs/fig_spatial_edc_err_aes_FULLGRID_upper_right_source_ref_RIMPY-neg10.png Graphic file (type png)
<use figs/fig_spatial_edc_err_aes_FULLGRID_upper_right_source_ref_RIMPY-neg10.png>
Package pdftex.def Info: figs/fig_spatial_edc_err_aes_FULLGRID_upper_right_source_ref_RIMPY-neg10.png  used on input line 403.
(pdftex.def)             Requested size: 129.0pt x 111.80202pt.
<figs/fig_spatial_edc_err_aes_FULLGRID_lower_left_source_ref_RIMPY-neg10.png, id=40, 494.8086pt x 432.8973pt>
File: figs/fig_spatial_edc_err_aes_FULLGRID_lower_left_source_ref_RIMPY-neg10.png Graphic file (type png)
<use figs/fig_spatial_edc_err_aes_FULLGRID_lower_left_source_ref_RIMPY-neg10.png>
Package pdftex.def Info: figs/fig_spatial_edc_err_aes_FULLGRID_lower_left_source_ref_RIMPY-neg10.png  used on input line 408.
(pdftex.def)             Requested size: 129.0pt x 112.8611pt.

LaTeX Warning: Reference `sec:optimization' on page 5 undefined on input line 424.

[5 <./figs/rir_noabs.png>] [6 <./figs/fig_spatial_edc_err_aes_FULLGRID_center_source_ref_RIMPY-neg10.png> <./figs/fig_spatial_edc_err_aes_FULLGRID_top_middle_source_ref_RIMPY-neg10.png> <./figs/fig_spatial_edc_err_aes_FULLGRID_upper_right_source_ref_RIMPY-neg10.png> <./figs/fig_spatial_edc_err_aes_FULLGRID_lower_left_source_ref_RIMPY-neg10.png>]
<figs/sim-mic-pressures-c_4.png, id=52, 1158.3275pt x 382.42876pt>
File: figs/sim-mic-pressures-c_4.png Graphic file (type png)
<use figs/sim-mic-pressures-c_4.png>
Package pdftex.def Info: figs/sim-mic-pressures-c_4.png  used on input line 617.
(pdftex.def)             Requested size: 516.0pt x 170.35823pt.
 [7]

LaTeX Warning: Reference `app:constraints' on page 8 undefined on input line 651.

[8 <./figs/sim-mic-pressures-c_4.png>]
Underfull \hbox (badness 2818) in paragraph at lines 694--701
\OT1/ptm/m/n/10 For ex-am-ple, one ob-tains $\OT1/cmr/m/n/10 ^^@([5\OML/cmm/m/it/10 ; \OT1/cmr/m/n/10 0\OML/cmm/m/it/10 ; \OT1/cmr/m/n/10 0\OML/cmm/m/it/10 ; \OT1/cmr/m/n/10 0\OML/cmm/m/it/10 ; \OT1/cmr/m/n/10 0][]) = 5$ \OT1/ptm/m/n/10 and
 []

LaTeX Font Info:    Trying to load font information for TS1+ptm on input line 791.
(/usr/local/texlive/2022/texmf-dist/tex/latex/psnfss/ts1ptm.fd
File: ts1ptm.fd 2001/06/04 font definitions for TS1/ptm.
)
<figs/fig_edc_inset_comparison_aes_room.png, id=68, 493.845pt x 438.9198pt>
File: figs/fig_edc_inset_comparison_aes_room.png Graphic file (type png)
<use figs/fig_edc_inset_comparison_aes_room.png>
Package pdftex.def Info: figs/fig_edc_inset_comparison_aes_room.png  used on input line 808.
(pdftex.def)             Requested size: 159.95874pt x 142.16502pt.
<figs/fig_edc_inset_comparison_waspaa_room.png, id=69, 493.845pt x 438.9198pt>
File: figs/fig_edc_inset_comparison_waspaa_room.png Graphic file (type png)
<use figs/fig_edc_inset_comparison_waspaa_room.png>
Package pdftex.def Info: figs/fig_edc_inset_comparison_waspaa_room.png  used on input line 815.
(pdftex.def)             Requested size: 159.95874pt x 142.16502pt.
<figs/fig_edc_inset_comparison_journal_room.png, id=70, 493.845pt x 438.9198pt>
File: figs/fig_edc_inset_comparison_journal_room.png Graphic file (type png)
<use figs/fig_edc_inset_comparison_journal_room.png>
Package pdftex.def Info: figs/fig_edc_inset_comparison_journal_room.png  used on input line 822.
(pdftex.def)             Requested size: 159.95874pt x 142.16502pt.
<figs/fig_ned_comparison_aes_room.png, id=71, 497.2176pt x 438.9198pt>
File: figs/fig_ned_comparison_aes_room.png Graphic file (type png)
<use figs/fig_ned_comparison_aes_room.png>
Package pdftex.def Info: figs/fig_ned_comparison_aes_room.png  used on input line 834.
(pdftex.def)             Requested size: 159.95874pt x 141.2073pt.
<figs/fig_ned_comparison_waspaa_room.png, id=72, 497.2176pt x 438.9198pt>
File: figs/fig_ned_comparison_waspaa_room.png Graphic file (type png)
<use figs/fig_ned_comparison_waspaa_room.png>
Package pdftex.def Info: figs/fig_ned_comparison_waspaa_room.png  used on input line 841.
(pdftex.def)             Requested size: 159.95874pt x 141.2073pt.
<figs/fig_ned_comparison_journal_room.png, id=73, 497.2176pt x 438.9198pt>
File: figs/fig_ned_comparison_journal_room.png Graphic file (type png)
<use figs/fig_ned_comparison_journal_room.png>
Package pdftex.def Info: figs/fig_ned_comparison_journal_room.png  used on input line 848.
(pdftex.def)             Requested size: 159.95874pt x 141.2073pt.
LaTeX Info: Symbol \textrightarrow not provided by
            font family ptm in TS1 encoding.
            Default family used instead on input line 871.
LaTeX Info: Symbol \textrightarrow not provided by
            font family ptm in TS1 encoding.
            Default family used instead on input line 872.
LaTeX Info: Symbol \textrightarrow not provided by
            font family ptm in TS1 encoding.
            Default family used instead on input line 873.


LaTeX Warning: Reference `fig:rmse_mosaic_RIMPY' on page 9 undefined on input line 903.


LaTeX Warning: Reference `tab:multi-pair-results' on page 9 undefined on input line 983.

LaTeX Font Info:    Trying to load font information for OT1+pcr on input line 985.
(/usr/local/texlive/2022/texmf-dist/tex/latex/psnfss/ot1pcr.fd
File: ot1pcr.fd 2001/06/04 font definitions for OT1/pcr.
) [9]

LaTeX Warning: Reference `tab:multi-pair-results' on page 10 undefined on input line 991.


Underfull \vbox (badness 10000) has occurred while \output is active []


Underfull \vbox (badness 10000) has occurred while \output is active []

 [10 <./figs/fig_edc_inset_comparison_aes_room.png> <./figs/fig_edc_inset_comparison_waspaa_room.png> <./figs/fig_edc_inset_comparison_journal_room.png> <./figs/fig_ned_comparison_aes_room.png> <./figs/fig_ned_comparison_waspaa_room.png> <./figs/fig_ned_comparison_journal_room.png>]
Underfull \vbox (badness 3428) has occurred while \output is active []



LaTeX Warning: Reference `tab:multi-pair-results' on page 11 undefined on input line 1013.


LaTeX Warning: Reference `fig:rmse_mosaic_RIMPY' on page 11 undefined on input line 1014.


LaTeX Warning: Reference `fig:rmse_mosaic_RIMPY' on page 11 undefined on input line 1017.


LaTeX Warning: Reference `tab:multi-pair-results' on page 11 undefined on input line 1025.


Underfull \vbox (badness 1448) has occurred while \output is active []

 [11]
Underfull \hbox (badness 10000) in paragraph at lines 1116--1124
[]\OT1/ptm/m/n/10 For \OT1/ptm/b/n/10 sin-gle \OT1/ptm/m/n/10 and \OT1/ptm/b/n/10 global \OT1/ptm/m/n/10 op-ti-mi-sa-tions we call
 []


Underfull \hbox (badness 10000) in paragraph at lines 1116--1124
\OT1/pcr/m/n/10 scipy.optimize.minimize_scalar \OT1/ptm/m/n/10 in \OT1/pcr/m/n/10 bounded
 []


Underfull \hbox (badness 3568) in paragraph at lines 1116--1124
\OT1/ptm/m/n/10 bracket length has been re-duced be-low the re-quested
 []

[12]

LaTeX Warning: Reference `tab:c_optim' on page 13 undefined on input line 1140.


LaTeX Warning: Reference `tab:multi-pair-results' on page 13 undefined on input line 1141.


Overfull \hbox (33.11835pt too wide) in paragraph at lines 1157--1224
 [][] 
 []


LaTeX Warning: Reference `fig:rmse_mosaic_RIMPY' on page 13 undefined on input line 1232.

(./main.bbl
** WARNING: IEEEtran.bst: No hyphenation pattern has been
** loaded for the language `English'. Using the pattern for
** the default language instead.
** WARNING: IEEEtran.bst: No hyphenation pattern has been
** loaded for the language `English'. Using the pattern for
** the default language instead.
[13]
Underfull \hbox (badness 2626) in paragraph at lines 198--202
[]\OT1/ptm/m/n/8 L. Vinces-las, M. Scerbo, H. Hac^^Phabibo[]glu, Z. Cvetkovi[]c, and
 []

) [14

]
<figs/spectral_comparison.png, id=103, 985.6825pt x 536.0025pt>
File: figs/spectral_comparison.png Graphic file (type png)
<use figs/spectral_comparison.png>
Package pdftex.def Info: figs/spectral_comparison.png  used on input line 1249.
(pdftex.def)             Requested size: 252.0pt x 137.03459pt.

Underfull \hbox (badness 1917) in paragraph at lines 1296--1301
[]\OT1/ptm/m/n/10 Removing ev-ery-thing above 4kHz in-creases the LSD
 []


Underfull \hbox (badness 1509) in paragraph at lines 1296--1301
\OT1/ptm/m/n/10 for both net-works (+1.05dB for SDN$[]$, +0.80dB for
 []


Overfull \hbox (0.61794pt too wide) in paragraph at lines 1335--1345
 [][] 
 []

[15

 <./figs/spectral_comparison.png>] [16

] (./main.aux)

LaTeX Warning: There were undefined references.


LaTeX Warning: There were multiply-defined labels.

 ) 
Here is how much of TeX's memory you used:
 6109 strings out of 478268
 104657 string characters out of 5846346
 431232 words of memory out of 5000000
 24223 multiletter control sequences out of 15000+600000
 518098 words of font info for 121 fonts, out of 8000000 for 9000
 1141 hyphenation exceptions out of 8191
 67i,15n,77p,1566b,486s stack positions out of 10000i,1000n,20000p,200000b,200000s
{/usr/local/texlive/2022/texmf-dist/fonts/enc/dvips/cm-super/cm-super-ts1.enc}{/usr/local/texlive/2022/texmf-dist/fonts/enc/dvips/base/8r.enc}</usr/local/texlive/2022/texmf-dist/fonts/type1/public/amsfonts/cm/cmbx10.pfb></usr/local/texlive/2022/texmf-dist/fonts/type1/public/amsfonts/cm/cmbx7.pfb></usr/local/texlive/2022/texmf-dist/fonts/type1/public/amsfonts/cm/cmbx8.pfb></usr/local/texlive/2022/texmf-dist/fonts/type1/public/amsfonts/cm/cmex10.pfb></usr/local/texlive/2022/texmf-dist/fonts/type1/public/amsfonts/cmextra/cmex8.pfb></usr/local/texlive/2022/texmf-dist/fonts/type1/public/amsfonts/cm/cmmi10.pfb></usr/local/texlive/2022/texmf-dist/fonts/type1/public/amsfonts/cm/cmmi5.pfb></usr/local/texlive/2022/texmf-dist/fonts/type1/public/amsfonts/cm/cmmi6.pfb></usr/local/texlive/2022/texmf-dist/fonts/type1/public/amsfonts/cm/cmmi7.pfb></usr/local/texlive/2022/texmf-dist/fonts/type1/public/amsfonts/cm/cmmi8.pfb></usr/local/texlive/2022/texmf-dist/fonts/type1/public/amsfonts/cm/cmmi9.pfb></usr/local/texlive/2022/texmf-dist/fonts/type1/public/amsfonts/cm/cmr10.pfb></usr/local/texlive/2022/texmf-dist/fonts/type1/public/amsfonts/cm/cmr5.pfb></usr/local/texlive/2022/texmf-dist/fonts/type1/public/amsfonts/cm/cmr6.pfb></usr/local/texlive/2022/texmf-dist/fonts/type1/public/amsfonts/cm/cmr7.pfb></usr/local/texlive/2022/texmf-dist/fonts/type1/public/amsfonts/cm/cmr8.pfb></usr/local/texlive/2022/texmf-dist/fonts/type1/public/amsfonts/cm/cmr9.pfb></usr/local/texlive/2022/texmf-dist/fonts/type1/public/amsfonts/cm/cmsy10.pfb></usr/local/texlive/2022/texmf-dist/fonts/type1/public/amsfonts/cm/cmsy6.pfb></usr/local/texlive/2022/texmf-dist/fonts/type1/public/amsfonts/cm/cmsy7.pfb></usr/local/texlive/2022/texmf-dist/fonts/type1/public/amsfonts/cm/cmsy8.pfb></usr/local/texlive/2022/texmf-dist/fonts/type1/public/amsfonts/cm/cmsy9.pfb></usr/local/texlive/2022/texmf-dist/fonts/type1/public/amsfonts/symbols/msbm10.pfb></usr/local/texlive/2022/texmf-dist/fonts/type1/public/cm-super/sfrm0700.pfb></usr/local/texlive/2022/texmf-dist/fonts/type1/urw/courier/ucrr8a.pfb></usr/local/texlive/2022/texmf-dist/fonts/type1/urw/times/utmb8a.pfb></usr/local/texlive/2022/texmf-dist/fonts/type1/urw/times/utmbi8a.pfb></usr/local/texlive/2022/texmf-dist/fonts/type1/urw/times/utmr8a.pfb></usr/local/texlive/2022/texmf-dist/fonts/type1/urw/times/utmri8a.pfb>
Output written on main.pdf (16 pages, 3825331 bytes).
PDF statistics:
 233 PDF objects out of 1000 (max. 8388607)
 127 compressed objects within 2 object streams
 0 named destinations out of 1000 (max. 500000)
 71 words of extra memory for PDF output out of 10000 (max. 10000000)

